[    2076ms] [INFO] %cDownload the React DevTools for a better development experience: https://react.dev/link/react-devtools font-weight:bold @ http://localhost:3000/static/js/bundle.js:31500
[    4805ms] [ERROR] Caricamento sito tentativo 1/3 fallito: AxiosError: Network Error
    at XMLHttpRequest.handleError (http://localhost:3000/static/js/bundle.js:49642:19) @ http://localhost:3000/static/js/bundle.js:12195
[    4808ms] [ERROR] Failed to load resource: net::ERR_CONNECTION_REFUSED @ http://localhost:8000/api/public/website:0
[    5085ms] [ERROR] Caricamento sito tentativo 1/3 fallito: AxiosError: Network Error
    at XMLHttpRequest.handleError (http://localhost:3000/static/js/bundle.js:49642:19) @ http://localhost:3000/static/js/bundle.js:12195
[    5085ms] [ERROR] Failed to load resource: net::ERR_CONNECTION_REFUSED @ http://localhost:8000/api/public/website:0
[   12182ms] [ERROR] Caricamento sito tentativo 2/3 fallito: AxiosError: Network Error
    at XMLHttpRequest.handleError (http://localhost:3000/static/js/bundle.js:49642:19) @ http://localhost:3000/static/js/bundle.js:12195
[   12182ms] [ERROR] Failed to load resource: net::ERR_CONNECTION_REFUSED @ http://localhost:8000/api/public/website:0
[   12463ms] [ERROR] Caricamento sito tentativo 2/3 fallito: AxiosError: Network Error
    at XMLHttpRequest.handleError (http://localhost:3000/static/js/bundle.js:49642:19) @ http://localhost:3000/static/js/bundle.js:12195
[   12463ms] [ERROR] Failed to load resource: net::ERR_CONNECTION_REFUSED @ http://localhost:8000/api/public/website:0
[   19552ms] [ERROR] Caricamento sito tentativo 3/3 fallito: AxiosError: Network Error
    at XMLHttpRequest.handleError (http://localhost:3000/static/js/bundle.js:49642:19) @ http://localhost:3000/static/js/bundle.js:12195
[   19552ms] [ERROR] Failed to load resource: net::ERR_CONNECTION_REFUSED @ http://localhost:8000/api/public/website:0
[   19924ms] [ERROR] Caricamento sito tentativo 3/3 fallito: AxiosError: Network Error
    at XMLHttpRequest.handleError (http://localhost:3000/static/js/bundle.js:49642:19) @ http://localhost:3000/static/js/bundle.js:12195
[   19925ms] [ERROR] Failed to load resource: net::ERR_CONNECTION_REFUSED @ http://localhost:8000/api/public/website:0
[   21929ms] [ERROR] Failed to load resource: net::ERR_CONNECTION_REFUSED @ http://localhost:8000/api/website-trends/public:0
[   22477ms] [ERROR] Failed to load resource: net::ERR_CONNECTION_REFUSED @ http://localhost:8000/api/website-trends/public:0
